
running 1 test
proof: [75, 248, 166, 226, 4, 106, 39, 128, 14, 223, 230, 153, 179, 94, 192, 35, 146, 73, 120, 97, 63, 255, 222, 55, 245, 197, 106, 22, 142, 177, 23, 141, 66, 210, 237, 104, 25, 35, 15, 113, 50, 128, 162, 161, 100, 55, 229, 7, 87, 3, 233, 41, 96, 178, 161, 6, 76, 180, 101, 208, 229, 72, 51, 32, 194, 71, 195, 91, 29, 221, 251, 231, 103, 177, 5, 220, 248, 156, 187, 81, 222, 219, 225, 86, 52, 93, 153, 203, 65, 20, 67, 248, 232, 248, 145, 118, 52, 252, 139, 74, 2, 132, 169, 34, 93, 6, 127, 248, 99, 177, 113, 37, 242, 237, 50, 13, 58, 247, 71, 244, 87, 3, 130, 174, 227, 193, 135, 59, 254, 80, 52, 132, 34, 31, 11, 8, 169, 172, 29, 6, 146, 185, 165, 34, 198, 101, 113, 208, 22, 148, 54, 56, 140, 81, 45, 213, 166, 246, 127, 0, 4, 85, 184, 245, 46, 90, 109, 54, 169, 94, 253, 168, 249, 123, 38, 13, 219, 195, 234, 7, 129, 215, 168, 168, 93, 51, 214, 254, 30, 152, 65, 187, 66, 102, 133, 223, 32, 30, 36, 216, 253, 215, 93, 181, 40, 107, 141, 253, 47, 140, 174, 9, 193, 83, 213, 248, 249, 43, 185, 119, 120, 120, 210, 163, 110, 51, 190, 248, 40, 127, 177, 200, 248, 255, 190, 130, 195, 2, 164, 248, 73, 131, 172, 122, 185, 114, 230, 3, 175, 212, 221, 213, 51, 177, 204, 100, 220, 26, 99, 47]

public_inputs: [10, 0, 0, 0, 55, 0, 0, 0, 89, 0, 0, 0]

ark_proof: Proof { a: (1996809803746752042674075309301260579055950657901490348743698085133077900648, 11369767439836610473643661526522837236429286419275244099703665997237906293595), b: (QuadExtField(1139016831284790818962593024963297128984501420981498244729052927195119367300 + 13509284387231461783244158984593192458896863479688458299647427117909758741322 * u), QuadExtField(20966161034686082917501546939686337882372903354157397819546842184372667712991 + 15433485263597155782731444991245721834520835945341729316930320190388995209461 * u)), c: (14527270879557446767154027435296695734067208446705546628377820826885183225592, 18318130547872881093073063442085401095245871966727329898477304041837759718191) }

ark_public_inputs: [BigInt([2299383988431933176, 17531968728831757769, 6726675687240783763, 2519073037925045]), BigInt([10457496190242661204, 3007809179216865625, 6487744760856462960, 1201285739472373923])]

test test::test_zkm2_verify_ark_groth16 ... ok

test result: ok. 1 passed; 0 failed; 0 ignored; 0 measured; 1 filtered out; finished in 0.01s

